[dotenv@17.3.1] injecting env (10) from .env.test -- tip: ­ƒöÉ prevent building .env in docker: https://dotenvx.com/prebuild

Running 3 tests using 1 worker

[dotenv@17.3.1] injecting env (0) from .env.test -- tip: ÔÜÖ´©Å  enable debug logging with { debug: true }
  x  1 [chrome] ÔÇ║ tests\e2e\global.spec.js:28:5 ÔÇ║ Global PWA Test Scenario ÔÇ║ Authentication & Onboarding (19.2s)
[dotenv@17.3.1] injecting env (0) from .env.test -- tip: ­ƒöÉ prevent building .env in docker: https://dotenvx.com/prebuild
  x  2 [chrome] ÔÇ║ tests\e2e\global.spec.js:28:5 ÔÇ║ Global PWA Test Scenario ÔÇ║ Authentication & Onboarding (retry #1) (21.7s)
[dotenv@17.3.1] injecting env (0) from .env.test -- tip: ­ƒøí´©Å auth for agents: https://vestauth.com
  x  3 [chrome] ÔÇ║ tests\e2e\global.spec.js:65:5 ÔÇ║ Global PWA Test Scenario ÔÇ║ Core Store Operations (19.5s)
[dotenv@17.3.1] injecting env (0) from .env.test -- tip: ÔÜÖ´©Å  override existing env vars with { override: true }
  x  4 [chrome] ÔÇ║ tests\e2e\global.spec.js:65:5 ÔÇ║ Global PWA Test Scenario ÔÇ║ Core Store Operations (retry #1) (22.2s)
[dotenv@17.3.1] injecting env (0) from .env.test -- tip: ÔÜÖ´©Å  enable debug logging with { debug: true }
  x  5 [chrome] ÔÇ║ tests\e2e\global.spec.js:114:5 ÔÇ║ Global PWA Test Scenario ÔÇ║ Finances & Analytics (19.8s)
[dotenv@17.3.1] injecting env (0) from .env.test -- tip: ÔÜÖ´©Å  write to custom object with { processEnv: myObject }
  x  6 [chrome] ÔÇ║ tests\e2e\global.spec.js:114:5 ÔÇ║ Global PWA Test Scenario ÔÇ║ Finances & Analytics (retry #1) (20.9s)


  1) [chrome] ÔÇ║ tests\e2e\global.spec.js:28:5 ÔÇ║ Global PWA Test Scenario ÔÇ║ Authentication & Onboarding 

    TimeoutError: page.waitForURL: Timeout 15000ms exceeded.
    =========================== logs ===========================
    waiting for navigation to "**/onboarding" until "load"
    ============================================================

      46 |
      47 |         // Verify redirection to /onboarding
    > 48 |         await page.waitForURL('**/onboarding', { timeout: 15000 });
         |                    ^
      49 |         expect(page.url()).toContain('/onboarding');
      50 |
      51 |         // 2. Onboarding
        at C:\Users\Yassir Chirawi\.gemini\antigravity\scratch\commerce-saas\tests\e2e\global.spec.js:48:20

    Error Context: test-results\global-Global-PWA-Test-Scenario-Authentication-Onboarding-chrome\error-context.md

    Retry #1 ÔöÇÔöÇÔöÇÔöÇÔöÇÔöÇÔöÇÔöÇÔöÇÔöÇÔöÇÔöÇÔöÇÔöÇÔöÇÔöÇÔöÇÔöÇÔöÇÔöÇÔöÇÔöÇÔöÇÔöÇÔöÇÔöÇÔöÇÔöÇÔöÇÔöÇÔöÇÔöÇÔöÇÔöÇÔöÇÔöÇÔöÇÔöÇÔöÇÔöÇÔöÇÔöÇÔöÇÔöÇÔöÇÔöÇÔöÇÔöÇÔöÇÔöÇÔöÇÔöÇÔöÇÔöÇÔöÇÔöÇÔöÇÔöÇÔöÇÔöÇÔöÇÔöÇÔöÇÔöÇÔöÇÔöÇÔöÇÔöÇÔöÇÔöÇÔöÇÔöÇÔöÇÔöÇÔöÇÔöÇÔöÇÔöÇÔöÇÔöÇÔöÇÔöÇÔöÇÔöÇÔöÇÔöÇÔöÇ

    TimeoutError: page.waitForURL: Timeout 15000ms exceeded.
    =========================== logs ===========================
    waiting for navigation to "**/onboarding" until "load"
    ============================================================

      46 |
      47 |         // Verify redirection to /onboarding
    > 48 |         await page.waitForURL('**/onboarding', { timeout: 15000 });
         |                    ^
      49 |         expect(page.url()).toContain('/onboarding');
      50 |
      51 |         // 2. Onboarding
        at C:\Users\Yassir Chirawi\.gemini\antigravity\scratch\commerce-saas\tests\e2e\global.spec.js:48:20

    Error Context: test-results\global-Global-PWA-Test-Scenario-Authentication-Onboarding-chrome-retry1\error-context.md

    attachment #2: trace (application/zip) ÔöÇÔöÇÔöÇÔöÇÔöÇÔöÇÔöÇÔöÇÔöÇÔöÇÔöÇÔöÇÔöÇÔöÇÔöÇÔöÇÔöÇÔöÇÔöÇÔöÇÔöÇÔöÇÔöÇÔöÇÔöÇÔöÇÔöÇÔöÇÔöÇÔöÇÔöÇÔöÇÔöÇÔöÇÔöÇÔöÇÔöÇÔöÇÔöÇÔöÇÔöÇÔöÇÔöÇÔöÇÔöÇÔöÇÔöÇÔöÇÔöÇÔöÇÔöÇÔöÇÔöÇÔöÇÔöÇÔöÇÔöÇ
    test-results\global-Global-PWA-Test-Scenario-Authentication-Onboarding-chrome-retry1\trace.zip
    Usage:

        npx playwright show-trace test-results\global-Global-PWA-Test-Scenario-Authentication-Onboarding-chrome-retry1\trace.zip

    ÔöÇÔöÇÔöÇÔöÇÔöÇÔöÇÔöÇÔöÇÔöÇÔöÇÔöÇÔöÇÔöÇÔöÇÔöÇÔöÇÔöÇÔöÇÔöÇÔöÇÔöÇÔöÇÔöÇÔöÇÔöÇÔöÇÔöÇÔöÇÔöÇÔöÇÔöÇÔöÇÔöÇÔöÇÔöÇÔöÇÔöÇÔöÇÔöÇÔöÇÔöÇÔöÇÔöÇÔöÇÔöÇÔöÇÔöÇÔöÇÔöÇÔöÇÔöÇÔöÇÔöÇÔöÇÔöÇÔöÇÔöÇÔöÇÔöÇÔöÇÔöÇÔöÇÔöÇÔöÇÔöÇÔöÇÔöÇÔöÇÔöÇÔöÇÔöÇÔöÇÔöÇÔöÇÔöÇÔöÇÔöÇÔöÇÔöÇÔöÇÔöÇÔöÇÔöÇÔöÇÔöÇÔöÇÔöÇÔöÇÔöÇÔöÇÔöÇÔöÇÔöÇÔöÇÔöÇÔöÇ

  2) [chrome] ÔÇ║ tests\e2e\global.spec.js:65:5 ÔÇ║ Global PWA Test Scenario ÔÇ║ Core Store Operations ÔöÇÔöÇÔöÇ

    TimeoutError: page.waitForURL: Timeout 15000ms exceeded.
    =========================== logs ===========================
    waiting for navigation to "**/dashboard" until "load"
    ============================================================

      66 |         // Login first
      67 |         await login(page, testEmail, testPassword);
    > 68 |         await page.waitForURL('**/dashboard', { timeout: 15000 });
         |                    ^
      69 |
      70 |         // 1. Products
      71 |         await page.goto('/products');
        at C:\Users\Yassir Chirawi\.gemini\antigravity\scratch\commerce-saas\tests\e2e\global.spec.js:68:20

    Error Context: test-results\global-Global-PWA-Test-Scenario-Core-Store-Operations-chrome\error-context.md

    Retry #1 ÔöÇÔöÇÔöÇÔöÇÔöÇÔöÇÔöÇÔöÇÔöÇÔöÇÔöÇÔöÇÔöÇÔöÇÔöÇÔöÇÔöÇÔöÇÔöÇÔöÇÔöÇÔöÇÔöÇÔöÇÔöÇÔöÇÔöÇÔöÇÔöÇÔöÇÔöÇÔöÇÔöÇÔöÇÔöÇÔöÇÔöÇÔöÇÔöÇÔöÇÔöÇÔöÇÔöÇÔöÇÔöÇÔöÇÔöÇÔöÇÔöÇÔöÇÔöÇÔöÇÔöÇÔöÇÔöÇÔöÇÔöÇÔöÇÔöÇÔöÇÔöÇÔöÇÔöÇÔöÇÔöÇÔöÇÔöÇÔöÇÔöÇÔöÇÔöÇÔöÇÔöÇÔöÇÔöÇÔöÇÔöÇÔöÇÔöÇÔöÇÔöÇÔöÇÔöÇÔöÇÔöÇÔöÇÔöÇ

    TimeoutError: page.waitForURL: Timeout 15000ms exceeded.
    =========================== logs ===========================
    waiting for navigation to "**/dashboard" until "load"
    ============================================================

      66 |         // Login first
      67 |         await login(page, testEmail, testPassword);
    > 68 |         await page.waitForURL('**/dashboard', { timeout: 15000 });
         |                    ^
      69 |
      70 |         // 1. Products
      71 |         await page.goto('/products');
        at C:\Users\Yassir Chirawi\.gemini\antigravity\scratch\commerce-saas\tests\e2e\global.spec.js:68:20

    Error Context: test-results\global-Global-PWA-Test-Scenario-Core-Store-Operations-chrome-retry1\error-context.md

    attachment #2: trace (application/zip) ÔöÇÔöÇÔöÇÔöÇÔöÇÔöÇÔöÇÔöÇÔöÇÔöÇÔöÇÔöÇÔöÇÔöÇÔöÇÔöÇÔöÇÔöÇÔöÇÔöÇÔöÇÔöÇÔöÇÔöÇÔöÇÔöÇÔöÇÔöÇÔöÇÔöÇÔöÇÔöÇÔöÇÔöÇÔöÇÔöÇÔöÇÔöÇÔöÇÔöÇÔöÇÔöÇÔöÇÔöÇÔöÇÔöÇÔöÇÔöÇÔöÇÔöÇÔöÇÔöÇÔöÇÔöÇÔöÇÔöÇÔöÇ
    test-results\global-Global-PWA-Test-Scenario-Core-Store-Operations-chrome-retry1\trace.zip
    Usage:

        npx playwright show-trace test-results\global-Global-PWA-Test-Scenario-Core-Store-Operations-chrome-retry1\trace.zip

    ÔöÇÔöÇÔöÇÔöÇÔöÇÔöÇÔöÇÔöÇÔöÇÔöÇÔöÇÔöÇÔöÇÔöÇÔöÇÔöÇÔöÇÔöÇÔöÇÔöÇÔöÇÔöÇÔöÇÔöÇÔöÇÔöÇÔöÇÔöÇÔöÇÔöÇÔöÇÔöÇÔöÇÔöÇÔöÇÔöÇÔöÇÔöÇÔöÇÔöÇÔöÇÔöÇÔöÇÔöÇÔöÇÔöÇÔöÇÔöÇÔöÇÔöÇÔöÇÔöÇÔöÇÔöÇÔöÇÔöÇÔöÇÔöÇÔöÇÔöÇÔöÇÔöÇÔöÇÔöÇÔöÇÔöÇÔöÇÔöÇÔöÇÔöÇÔöÇÔöÇÔöÇÔöÇÔöÇÔöÇÔöÇÔöÇÔöÇÔöÇÔöÇÔöÇÔöÇÔöÇÔöÇÔöÇÔöÇÔöÇÔöÇÔöÇÔöÇÔöÇÔöÇÔöÇÔöÇÔöÇ

  3) [chrome] ÔÇ║ tests\e2e\global.spec.js:114:5 ÔÇ║ Global PWA Test Scenario ÔÇ║ Finances & Analytics ÔöÇÔöÇÔöÇ

    TimeoutError: page.waitForURL: Timeout 15000ms exceeded.
    =========================== logs ===========================
    waiting for navigation to "**/dashboard" until "load"
    ============================================================

      114 |     test('Finances & Analytics', async ({ page }) => {
      115 |         await login(page, testEmail, testPassword);
    > 116 |         await page.waitForURL('**/dashboard', { timeout: 15000 });
          |                    ^
      117 |
      118 |         await page.goto('/finances');
      119 |         
        at C:\Users\Yassir Chirawi\.gemini\antigravity\scratch\commerce-saas\tests\e2e\global.spec.js:116:20

    Error Context: test-results\global-Global-PWA-Test-Scenario-Finances-Analytics-chrome\error-context.md

    Retry #1 ÔöÇÔöÇÔöÇÔöÇÔöÇÔöÇÔöÇÔöÇÔöÇÔöÇÔöÇÔöÇÔöÇÔöÇÔöÇÔöÇÔöÇÔöÇÔöÇÔöÇÔöÇÔöÇÔöÇÔöÇÔöÇÔöÇÔöÇÔöÇÔöÇÔöÇÔöÇÔöÇÔöÇÔöÇÔöÇÔöÇÔöÇÔöÇÔöÇÔöÇÔöÇÔöÇÔöÇÔöÇÔöÇÔöÇÔöÇÔöÇÔöÇÔöÇÔöÇÔöÇÔöÇÔöÇÔöÇÔöÇÔöÇÔöÇÔöÇÔöÇÔöÇÔöÇÔöÇÔöÇÔöÇÔöÇÔöÇÔöÇÔöÇÔöÇÔöÇÔöÇÔöÇÔöÇÔöÇÔöÇÔöÇÔöÇÔöÇÔöÇÔöÇÔöÇÔöÇÔöÇÔöÇÔöÇÔöÇ

    TimeoutError: page.waitForURL: Timeout 15000ms exceeded.
    =========================== logs ===========================
    waiting for navigation to "**/dashboard" until "load"
    ============================================================

      114 |     test('Finances & Analytics', async ({ page }) => {
      115 |         await login(page, testEmail, testPassword);
    > 116 |         await page.waitForURL('**/dashboard', { timeout: 15000 });
          |                    ^
      117 |
      118 |         await page.goto('/finances');
      119 |         
        at C:\Users\Yassir Chirawi\.gemini\antigravity\scratch\commerce-saas\tests\e2e\global.spec.js:116:20

    Error Context: test-results\global-Global-PWA-Test-Scenario-Finances-Analytics-chrome-retry1\error-context.md

    attachment #2: trace (application/zip) ÔöÇÔöÇÔöÇÔöÇÔöÇÔöÇÔöÇÔöÇÔöÇÔöÇÔöÇÔöÇÔöÇÔöÇÔöÇÔöÇÔöÇÔöÇÔöÇÔöÇÔöÇÔöÇÔöÇÔöÇÔöÇÔöÇÔöÇÔöÇÔöÇÔöÇÔöÇÔöÇÔöÇÔöÇÔöÇÔöÇÔöÇÔöÇÔöÇÔöÇÔöÇÔöÇÔöÇÔöÇÔöÇÔöÇÔöÇÔöÇÔöÇÔöÇÔöÇÔöÇÔöÇÔöÇÔöÇÔöÇÔöÇ
    test-results\global-Global-PWA-Test-Scenario-Finances-Analytics-chrome-retry1\trace.zip
    Usage:

        npx playwright show-trace test-results\global-Global-PWA-Test-Scenario-Finances-Analytics-chrome-retry1\trace.zip

    ÔöÇÔöÇÔöÇÔöÇÔöÇÔöÇÔöÇÔöÇÔöÇÔöÇÔöÇÔöÇÔöÇÔöÇÔöÇÔöÇÔöÇÔöÇÔöÇÔöÇÔöÇÔöÇÔöÇÔöÇÔöÇÔöÇÔöÇÔöÇÔöÇÔöÇÔöÇÔöÇÔöÇÔöÇÔöÇÔöÇÔöÇÔöÇÔöÇÔöÇÔöÇÔöÇÔöÇÔöÇÔöÇÔöÇÔöÇÔöÇÔöÇÔöÇÔöÇÔöÇÔöÇÔöÇÔöÇÔöÇÔöÇÔöÇÔöÇÔöÇÔöÇÔöÇÔöÇÔöÇÔöÇÔöÇÔöÇÔöÇÔöÇÔöÇÔöÇÔöÇÔöÇÔöÇÔöÇÔöÇÔöÇÔöÇÔöÇÔöÇÔöÇÔöÇÔöÇÔöÇÔöÇÔöÇÔöÇÔöÇÔöÇÔöÇÔöÇÔöÇÔöÇÔöÇÔöÇÔöÇ

  3 failed
    [chrome] ÔÇ║ tests\e2e\global.spec.js:28:5 ÔÇ║ Global PWA Test Scenario ÔÇ║ Authentication & Onboarding 
    [chrome] ÔÇ║ tests\e2e\global.spec.js:65:5 ÔÇ║ Global PWA Test Scenario ÔÇ║ Core Store Operations ÔöÇÔöÇÔöÇÔöÇ
    [chrome] ÔÇ║ tests\e2e\global.spec.js:114:5 ÔÇ║ Global PWA Test Scenario ÔÇ║ Finances & Analytics ÔöÇÔöÇÔöÇÔöÇ
